ets Jun  8 2016 00:22:57

rst:0x1 (POWERON_RESET),boï¿½ets Jun  8 2016 00:22:57

rst:0x1 (POWERON_RESET),boot:0x13 (SPI_FAST_FLASH_BOOT)
configsip: 0, SPIWP:0xee
clk_drv:0x00,q_drv:0x00,d_drv:0x00,cs0_drv:0x00,hd_drv:0x00,wp_drv:0x00
mode:DIO, clock div:1
load:0x3fff0030,len:7524
load:0x40078000,len:16552
load:0x40080400,len:4
load:0x40080404,len:4312
entry 0x4008065c
[0;32mI (29) boot: ESP-IDF v5.4-dev-421-g4523f2d674 2nd stage bootloader[0m
[0;32mI (29) boot: compile time Jun 16 2024 18:13:54[0m
[0;32mI (30) boot: Multicore bootloader[0m
[0;32mI (34) boot: chip revision: v1.1[0m
[0;32mI (38) qio_mode: Enabling default flash chip QIO[0m
[0;32mI (43) boot.esp32: SPI Speed      : 80MHz[0m
[0;32mI (48) boot.esp32: SPI Mode       : QIO[0m
[0;32mI (53) boot.esp32: SPI Flash Size : 4MB[0m
[0;32mI (57) boot: Enabling RNG early entropy source...[0m
[0;32mI (63) boot: Partition Table:[0m
[0;32mI (66) boot: ## Label            Usage          Type ST Offset   Length[0m
[0;32mI (73) boot:  0 nvs              WiFi data        01 02 00009000 00006000[0m
[0;32mI (81) boot:  1 phy_init         RF data          01 01 0000f000 00001000[0m
[0;32mI (88) boot:  2 factory          factory app      00 00 00010000 00180000[0m
[0;32mI (96) boot: End of partition table[0m
[0;32mI (100) esp_image: segment 0: paddr=00010020 vaddr=3f400020 size=806cch (526028) map[0m
[0;32mI (243) esp_image: segment 1: paddr=000906f4 vaddr=3ffb0000 size=02278h (  8824) load[0m
[0;32mI (246) esp_image: segment 2: paddr=00092974 vaddr=40080000 size=0d6a4h ( 54948) load[0m
[0;32mI (266) esp_image: segment 3: paddr=000a0020 vaddr=400d0020 size=32154h (205140) map[0m
[0;32mI (319) esp_image: segment 4: paddr=000d217c vaddr=4008d6a4 size=02c70h ( 11376) load[0m
[0;32mI (331) boot: Loaded app from partition at offset 0x10000[0m
[0;32mI (331) boot: Disabling RNG early entropy source...[0m
[0;32mI (342) cpu_start: Multicore app[0m
[0;32mI (342) quad_psram: This chip is ESP32-D0WD[0m
[0;32mI (343) esp_psram: Found 8MB PSRAM device[0m
[0;32mI (344) esp_psram: Speed: 80MHz[0m
[0;32mI (348) esp_psram: PSRAM initialized, cache is in low/high (2-core) mode.[0m
[0;33mW (356) esp_psram: Virtual address not enough for PSRAM, map as much as we can. 4MB is mapped[0m
[0;32mI (828) esp_psram: SPI SRAM memory test OK[0m
[0;32mI (836) cpu_start: Pro cpu start user code[0m
[0;32mI (836) cpu_start: cpu freq: 240000000 Hz[0m
[0;32mI (836) app_init: Application information:[0m
[0;32mI (839) app_init: Project name:     person_detection[0m
[0;32mI (845) app_init: App version:      1[0m
[0;32mI (849) app_init: Compile time:     Jun 16 2024 18:13:48[0m
[0;32mI (855) app_init: ELF file SHA256:  7b3b6d5f0...[0m
[0;32mI (860) app_init: ESP-IDF:          v5.4-dev-421-g4523f2d674[0m
[0;32mI (867) efuse_init: Min chip rev:     v0.0[0m
[0;32mI (872) efuse_init: Max chip rev:     v3.99 [0m
[0;32mI (876) efuse_init: Chip rev:         v1.1[0m
[0;32mI (881) heap_init: Initializing. RAM available for dynamic allocation:[0m
[0;32mI (888) heap_init: At 3FFAE6E0 len 00001920 (6 KiB): DRAM[0m
[0;32mI (895) heap_init: At 3FFB3038 len 0002CFC8 (179 KiB): DRAM[0m
[0;32mI (901) heap_init: At 3FFE0440 len 00003AE0 (14 KiB): D/IRAM[0m
[0;32mI (907) heap_init: At 3FFE4350 len 0001BCB0 (111 KiB): D/IRAM[0m
[0;32mI (914) heap_init: At 40090314 len 0000FCEC (63 KiB): IRAM[0m
[0;32mI (920) esp_psram: Adding pool of 4096K of PSRAM memory to heap allocator[0m
[0;32mI (928) spi_flash: detected chip: generic[0m
[0;32mI (932) spi_flash: flash io: qio[0m
[0;32mI (936) main_task: Started on CPU0[0m
[0;32mI (946) main_task: Calling app_main()[0m
Before allocation
Total heap size: 4513912
Free heap size: 4488796
Total PSRAM size: 4194304
Free PSRAM size: 4191744
Successfully allocated 180224 bytes in PSRAM.
After successful PSRAM allocation
Total heap size: 4513912
Free heap size: 4308568
Total PSRAM size: 4194304
Free PSRAM size: 4011516
./managed_components/espressif__esp-tflite-micro/tensorflow/lite/micro/kernels/esp_nn/conv.cc Hybrid models are not supported on TFLite Micro.
Node CONV_2D (number 0f) failed to prepare with status 1
AllocateTensors() failed
[0;32mI (986) [esp_cli]: Registering command: mem-dump[0m
[0;32mI (996) [esp_cli]: Registering command: task-dump[0m
[0;32mI (996) [esp_cli]: Registering command: cpu-dump[0m
[0;32mI (1006) [esp_cli]: Registering command: detect_image[0m
[5n
Type 'help' to get the list of commands.
Use UP/DOWN arrows to navigate through command history.
Press TAB when typing command name to auto-complete.

Your terminal application does not support escape sequences.

Line editing and history features are disabled.

On Windows, try using Putty instead.
esp> detext  ct_image   1

Guru Meditation Error: Core  0 panic'ed (LoadProhibited). Exception was unhandled.

Core  0 register dump:
PC      : 0x400d96cd  PS      : 0x00060f30  A0      : 0x800d98a6  A1      : 0x3ffb42e0  
A2      : 0x3f47b9b7  A3      : 0x3ffb2bb4  A4      : 0xffffff80  A5      : 0x3f404740  
A6      : 0x00002400  A7      : 0x00000000  A8      : 0x3f47b9b7  A9      : 0xffffff80  
A10     : 0x3f404740  A11     : 0x00000000  A12     : 0x0000000a  A13     : 0x3f82d248  
A14     : 0x00000000  A15     : 0x3ffafa28  SAR     : 0x00000001  EXCCAUSE: 0x0000001c  
EXCVADDR: 0x00000010  LBEG    : 0x40082fcd  LEND    : 0x40082fd5  LCOUNT  : 0x00000027  


Backtrace: 0x400d96ca:0x3ffb42e0 0x400d98a3:0x3ffb4310 0x400d9e97:0x3ffb4330 0x400da098:0x3ffb4350




ELF file SHA256: 7b3b6d5f0

Rebooting...
ets Jun  8 2016 00:22:57

rst:0xc (SW_CPU_RESET),boot:0x13 (SPI_FAST_FLASH_BOOT)
configsip: 0, SPIWP:0xee
clk_drv:0x00,q_drv:0x00,d_drv:0x00,cs0_drv:0x00,hd_drv:0x00,wp_drv:0x00
mode:DIO, clock div:1
load:0x3fff0030,len:7524
load:0x40078000,len:16552
load:0x40080400,len:4
load:0x40080404,len:4312
entry 0x4008065c
[0;32mI (29) boot: ESP-IDF v5.4-dev-421-g4523f2d674 2nd stage bootloader[0m
[0;32mI (29) boot: compile time Jun 16 2024 18:13:54[0m
[0;32mI (31) boot: Multicore bootloader[0m
[0;32mI (35) boot: chip revision: v1.1[0m
[0;32mI (39) qio_mode: Enabling default flash chip QIO[0m
[0;32mI (44) boot.esp32: SPI Speed      : 80MHz[0m
[0;32mI (49) boot.esp32: SPI Mode       : QIO[0m
[0;32mI (53) boot.esp32: SPI Flash Size : 4MB[0m
[0;32mI (58) boot: Enabling RNG early entropy source...[0m
[0;32mI (63) boot: Partition Table:[0m
[0;32mI (67) boot: ## Label            Usage          Type ST Offset   Length[0m
[0;32mI (74) boot:  0 nvs              WiFi data        01 02 00009000 00006000[0m
[0;32mI (81) boot:  1 phy_init         RF data          01 01 0000f000 00001000[0m
[0;32mI (89) boot:  2 factory          factory app      00 00 00010000 00180000[0m
[0;32mI (96) boot: End of partition table[0m
[0;32mI (101) esp_image: segment 0: paddr=00010020 vaddr=3f400020 size=806cch (526028) map[0m
[0;32mI (244) esp_image: segment 1: paddr=000906f4 vaddr=3ffb0000 size=02278h (  8824) load[0m
[0;32mI (247) esp_image: segment 2: paddr=00092974 vaddr=40080000 size=0d6a4h ( 54948) load[0m
[0;32mI (267) esp_image: segment 3: paddr=000a0020 vaddr=400d0020 size=32154h (205140) map[0m
[0;32mI (319) esp_image: segment 4: paddr=000d217c vaddr=4008d6a4 size=02c70h ( 11376) load[0m
[0;32mI (331) boot: Loaded app from partition at offset 0x10000[0m
[0;32mI (331) boot: Disabling RNG early entropy source...[0m
[0;32mI (343) cpu_start: Multicore app[0m
[0;32mI (343) quad_psram: This chip is ESP32-D0WD[0m
[0;32mI (343) esp_psram: Found 8MB PSRAM device[0m
[0;32mI (345) esp_psram: Speed: 80MHz[0m
[0;32mI (349) esp_psram: PSRAM initialized, cache is in low/high (2-core) mode.[0m
[0;33mW (356) esp_psram: Virtual address not enough for PSRAM, map as much as we can. 4MB is mapped[0m
[0;32mI (829) esp_psram: SPI SRAM memory test OK[0m
[0;32mI (837) cpu_start: Pro cpu start user code[0m
[0;32mI (837) cpu_start: cpu freq: 240000000 Hz[0m
[0;32mI (837) app_init: Application information:[0m
[0;32mI (840) app_init: Project name:     person_detection[0m
[0;32mI (845) app_init: App version:      1[0m
[0;32mI (850) app_init: Compile time:     Jun 16 2024 18:13:48[0m
[0;32mI (856) app_init: ELF file SHA256:  7b3b6d5f0...[0m
[0;32mI (861) app_init: ESP-IDF:          v5.4-dev-421-g4523f2d674[0m
[0;32mI (867) efuse_init: Min chip rev:     v0.0[0m
[0;32mI (872) efuse_init: Max chip rev:     v3.99 [0m
[0;32mI (877) efuse_init: Chip rev:         v1.1[0m
[0;32mI (882) heap_init: Initializing. RAM available for dynamic allocation:[0m
[0;32mI (889) heap_init: At 3FFAE6E0 len 00001920 (6 KiB): DRAM[0m
[0;32mI (895) heap_init: At 3FFB3038 len 0002CFC8 (179 KiB): DRAM[0m
[0;32mI (901) heap_init: At 3FFE0440 len 00003AE0 (14 KiB): D/IRAM[0m
[0;32mI (908) heap_init: At 3FFE4350 len 0001BCB0 (111 KiB): D/IRAM[0m
[0;32mI (914) heap_init: At 40090314 len 0000FCEC (63 KiB): IRAM[0m
[0;32mI (920) esp_psram: Adding pool of 4096K of PSRAM memory to heap allocator[0m
[0;32mI (928) spi_flash: detected chip: generic[0m
[0;32mI (932) spi_flash: flash io: qio[0m
[0;32mI (937) main_task: Started on CPU0[0m
[0;32mI (947) main_task: Calling app_main()[0m
Before allocation
Total heap size: 4513912
Free heap size: 4488796
Total PSRAM size: 4194304
Free PSRAM size: 4191744
Successfully allocated 180224 bytes in PSRAM.
After successful PSRAM allocation
Total heap size: 4513912
Free heap size: 4308568
Total PSRAM size: 4194304
Free PSRAM size: 4011516
./managed_components/espressif__esp-tflite-micro/tensorflow/lite/micro/kernels/esp_nn/conv.cc Hybrid models are not supported on TFLite Micro.
Node CONV_2D (number 0f) failed to prepare with status 1
AllocateTensors() failed
[0;32mI (987) [esp_cli]: Registering command: mem-dump[0m
[0;32mI (997) [esp_cli]: Registering command: task-dump[0m
[0;32mI (997) [esp_cli]: Registering command: cpu-dump[0m
[0;32mI (1007) [esp_cli]: Registering command: detect_image[0m
[5n
Type 'help' to get the list of commands.
Use UP/DOWN arrows to navigate through command history.
Press TAB when typing command name to auto-complete.

Your terminal application does not support escape sequences.

Line editing and history features are disabled.

On Windows, try using Putty instead.
esp> 