ets Jun  8 2016 00:22:57

rst:0x1 (POWERON_RESET),boï¿½ets Jun  8 2016 00:22:57

rst:0x1 (POWERON_RESET),boot:0x13 (SPI_FAST_FLASH_BOOT)
configsip: 0, SPIWP:0xee
clk_drv:0x00,q_drv:0x00,d_drv:0x00,cs0_drv:0x00,hd_drv:0x00,wp_drv:0x00
mode:DIO, clock div:1
load:0x3fff0030,len:7524
load:0x40078000,len:16552
load:0x40080400,len:4
load:0x40080404,len:4312
entry 0x4008065c
[0;32mI (29) boot: ESP-IDF v5.4-dev-421-g4523f2d674 2nd stage bootloader[0m
[0;32mI (29) boot: compile time Jun 24 2024 23:59:27[0m
[0;32mI (30) boot: Multicore bootloader[0m
[0;32mI (34) boot: chip revision: v1.1[0m
[0;32mI (38) qio_mode: Enabling default flash chip QIO[0m
[0;32mI (43) boot.esp32: SPI Speed      : 80MHz[0m
[0;32mI (48) boot.esp32: SPI Mode       : QIO[0m
[0;32mI (53) boot.esp32: SPI Flash Size : 4MB[0m
[0;32mI (57) boot: Enabling RNG early entropy source...[0m
[0;32mI (63) boot: Partition Table:[0m
[0;32mI (66) boot: ## Label            Usage          Type ST Offset   Length[0m
[0;32mI (73) boot:  0 nvs              WiFi data        01 02 00009000 00006000[0m
[0;32mI (81) boot:  1 phy_init         RF data          01 01 0000f000 00001000[0m
[0;32mI (88) boot:  2 factory          factory app      00 00 00010000 00300000[0m
[0;32mI (96) boot: End of partition table[0m
[0;32mI (100) esp_image: segment 0: paddr=00010020 vaddr=3f400020 size=6fae4h (457444) map[0m
[0;32mI (226) esp_image: segment 1: paddr=0007fb0c vaddr=3ffb0000 size=0050ch (  1292) load[0m
[0;32mI (227) esp_image: segment 2: paddr=00080020 vaddr=400d0020 size=2f830h (194608) map[0m
[0;32mI (282) esp_image: segment 3: paddr=000af858 vaddr=3ffb050c size=02e50h ( 11856) load[0m
[0;32mI (285) esp_image: segment 4: paddr=000b26b0 vaddr=40080000 size=10a28h ( 68136) load[0m
[0;32mI (317) boot: Loaded app from partition at offset 0x10000[0m
[0;32mI (317) boot: Disabling RNG early entropy source...[0m
[0;32mI (328) cpu_start: Multicore app[0m
[0;32mI (329) quad_psram: This chip is ESP32-D0WD[0m
[0;32mI (329) esp_psram: Found 8MB PSRAM device[0m
[0;32mI (333) esp_psram: Speed: 80MHz[0m
[0;32mI (336) esp_psram: PSRAM initialized, cache is in low/high (2-core) mode.[0m
[0;33mW (344) esp_psram: Virtual address not enough for PSRAM, map as much as we can. 4MB is mapped[0m
[0;32mI (817) esp_psram: SPI SRAM memory test OK[0m
[0;32mI (824) cpu_start: Pro cpu start user code[0m
[0;32mI (824) cpu_start: cpu freq: 240000000 Hz[0m
[0;32mI (825) app_init: Application information:[0m
[0;32mI (827) app_init: Project name:     person_detection[0m
[0;32mI (833) app_init: App version:      b8c6e21-dirty[0m
[0;32mI (838) app_init: Compile time:     Jun 25 2024 01:17:16[0m
[0;32mI (844) app_init: ELF file SHA256:  47999510b...[0m
[0;32mI (850) app_init: ESP-IDF:          v5.4-dev-421-g4523f2d674[0m
[0;32mI (856) efuse_init: Min chip rev:     v0.0[0m
[0;32mI (861) efuse_init: Max chip rev:     v3.99 [0m
[0;32mI (866) efuse_init: Chip rev:         v1.1[0m
[0;32mI (871) heap_init: Initializing. RAM available for dynamic allocation:[0m
[0;32mI (878) heap_init: At 3FFAE6E0 len 00001920 (6 KiB): DRAM[0m
[0;32mI (884) heap_init: At 3FFC8130 len 00017ED0 (95 KiB): DRAM[0m
[0;32mI (890) heap_init: At 3FFE0440 len 00003AE0 (14 KiB): D/IRAM[0m
[0;32mI (896) heap_init: At 3FFE4350 len 0001BCB0 (111 KiB): D/IRAM[0m
[0;32mI (903) heap_init: At 40090A28 len 0000F5D8 (61 KiB): IRAM[0m
[0;32mI (909) esp_psram: Adding pool of 4096K of PSRAM memory to heap allocator[0m
[0;32mI (917) spi_flash: detected chip: generic[0m
[0;32mI (921) spi_flash: flash io: qio[0m
[0;33mW (925) i2c: This driver is an old driver, please migrate your application code to adapt `driver/i2c_master.h`[0m
[0;32mI (936) main_task: Started on CPU0[0m
[0;32mI (946) main_task: Calling app_main()[0m
Before allocation
Total heap size: 4427648
Free heap size: 4402580
Total PSRAM size: 4194304
Free PSRAM size: 4191744
Successfully allocated 384000 bytes in PSRAM.
After successful PSRAM allocation
Total heap size: 4427648
Free heap size: 4018576
Total PSRAM size: 4194304
Free PSRAM size: 3807740
[0;32mI (966) gpio: GPIO[13]| InputEn: 1| OutputEn: 0| OpenDrain: 0| Pullup: 1| Pulldown: 0| Intr:0 [0m
[0;32mI (976) gpio: GPIO[14]| InputEn: 1| OutputEn: 0| OpenDrain: 0| Pullup: 1| Pulldown: 0| Intr:0 [0m
[0;32mI (986) gpio: GPIO[5]| InputEn: 1| OutputEn: 0| OpenDrain: 0| Pullup: 1| Pulldown: 0| Intr:2 [0m
[0;32mI (996) cam_hal: cam init ok[0m
[0;32mI (996) sccb: pin_sda 18 pin_scl 23[0m
[0;32mI (1006) sccb: sccb_i2c_port=1[0m
[0;31mE (1016) camera: Camera probe failed with error 0x105(ESP_ERR_NOT_FOUND)[0m
[0;31mE (1016) app_camera: Camera init failed with error 0x105[0m
Camera init failed

InitCamera failed

[0;31mE (1076) app_camera: Camera capture failed[0m
Image capture failed.
[0;32mI (1876) LCD: Error in sending command[0m
[0;32mI (1876) LCD: Error in sending command[0m
[0;32mI (1876) LCD: Error in sending command[0m
[0;32mI (1886) LCD: Error in sending command[0m
[0;32mI (1896) LCD: Error in sending command[0m
[0;32mI (1896) LCD: Error in sending command[0m
[0;32mI (1896) LCD: Error in sending command[0m
[0;32mI (1896) LCD: Error in sending command[0m
[0;32mI (1896) LCD: Error in sending command[0m
[0;32mI (1906) LCD: Error in sending command[0m
[0;32mI (1916) LCD: Error in sending command[0m
[0;32mI (1916) LCD: Error in sending data[0m
[0;32mI (1916) LCD: Error in sending data[0m
[0;32mI (1916) LCD: Error in sending data[0m
[0;32mI (1926) LCD: Error in sending data[0m
[0;32mI (1926) LCD: Error in sending data[0m
[0;32mI (1936) LCD: Error in sending data[0m
[0;32mI (1936) LCD: Error in sending data[0m
[0;32mI (1936) LCD: Error in sending data[0m
[0;32mI (1946) LCD: Error in sending data[0m
[0;32mI (1946) LCD: Error in sending data[0m
[0;32mI (1956) LCD: Error in sending data[0m
[0;32mI (1956) LCD: Error in sending data[0m
[0;32mI (1966) LCD: Error in sending data[0m
car score:5%, bike score 95%
[0;32mI (2016) LCD: Error in sending command[0m
[0;32mI (2016) LCD: Error in sending command[0m
[0;32mI (2016) LCD: Error in sending command[0m
[0;32mI (2026) LCD: Error in sending command[0m
[0;32mI (2036) LCD: Error in sending command[0m
[0;32mI (2036) LCD: Error in sending command[0m
[0;32mI (2036) LCD: Error in sending command[0m
[0;32mI (2036) LCD: Error in sending command[0m
[0;32mI (2046) LCD: Error in sending command[0m
[0;31mE (7096) app_camera: Camera capture failed[0m
Image capture failed.
[0;31mE (7846) i2c: i2c driver install error[0m
[0;32mI (7896) LCD: Error in sending command[0m
[0;32mI (7896) LCD: Error in sending command[0m
[0;32mI (7896) LCD: Error in sending command[0m
[0;32mI (7906) LCD: Error in sending command[0m
[0;32mI (7916) LCD: Error in sending command[0m
[0;32mI (7916) LCD: Error in sending command[0m
[0;32mI (7916) LCD: Error in sending command[0m
[0;32mI (7916) LCD: Error in sending command[0m
[0;32mI (7916) LCD: Error in sending command[0m
[0;32mI (7926) LCD: Error in sending command[0m
[0;32mI (7936) LCD: Error in sending command[0m
[0;32mI (7936) LCD: Error in sending data[0m
[0;32mI (7936) LCD: Error in sending data[0m
[0;32mI (7936) LCD: Error in sending data[0m
[0;32mI (7946) LCD: Error in sending data[0m
[0;32mI (7946) LCD: Error in sending data[0m
[0;32mI (7956) LCD: Error in sending data[0m
[0;32mI (7956) LCD: Error in sending data[0m
[0;32mI (7956) LCD: Error in sending data[0m
[0;32mI (7966) LCD: Error in sending data[0m
[0;32mI (7966) LCD: Error in sending data[0m
[0;32mI (7976) LCD: Error in sending data[0m
[0;32mI (7976) LCD: Error in sending data[0m
car score:99%, bike score 1%
[0;32mI (8036) LCD: Error in sending command[0m
[0;32mI (8036) LCD: Error in sending command[0m
[0;32mI (8036) LCD: Error in sending command[0m
[0;32mI (8046) LCD: Error in sending command[0m
[0;32mI (8056) LCD: Error in sending command[0m
[0;32mI (8056) LCD: Error in sending command[0m
[0;32mI (8056) LCD: Error in sending command[0m
[0;32mI (8056) LCD: Error in sending command[0m
[0;32mI (8066) LCD: Error in sending command[0m
